{
  "TestType": "Sudoku",
  "Solutions": [
    [
      [4,5,8,6,1,9,2,7,3],
      [6,9,3,5,2,7,8,4,1],
      [2,1,7,3,8,4,9,6,5],
      [9,8,6,2,4,5,1,3,7],
      [3,2,4,9,7,1,6,5,8],
      [5,7,1,8,6,3,4,9,2],
      [7,4,9,1,3,8,5,2,6],
      [8,6,5,7,9,2,3,1,4],
      [1,3,2,4,5,6,7,8,9]
    ]
  ],
  "SolutionCount": 1,
  "LogMessages": [],
  "RawSolutions": [
    [25,32,74,98,153,163,210,224,230,297,326,308,366,420,321,439,462,476,563,383,589,613,659,678,282,642,728,667,708,718,142,205,538,403,478,238,544,550,55,118,623,630,391,171,498,345,13,334,271,112,36,53,359,369,648,423,513,524,452,101,86,147,3,69,132,191,186,446,409,292,492,512,251,259,266,581,600,574,611,688,698]
  ]
}