{
  "TestType": "",
  "Solutions": [
    [
      [7,4,8,9,5,3,1,6,2],
      [1,3,6,4,2,8,7,9,5],
      [5,2,9,7,6,1,8,3,4],
      [2,9,7,6,1,4,3,5,8],
      [3,6,5,8,9,2,4,1,7],
      [8,1,4,5,3,7,6,2,9],
      [9,7,2,3,8,6,5,4,1],
      [4,5,3,1,7,9,2,8,6],
      [6,8,1,2,4,5,9,7,3]
    ]
  ],
  "SolutionCount": 1,
  "LogMessages": [],
  "RawSolutions": [
    [25,68,464,118,133,141,166,172,195,207,244,267,275,338,203,279,387,402,358,370,326,381,346,310,299,260,291,322,368,469,485,436,157,494,505,676,544,697,40,580,717,710,620,35,664,412,529,637,223,536,501,6,609,456,443,687,111,570,81,104,152,92,188,644,622,73,54,47,12,426,414,587,594,558,515,552,237,227,666,722,653]
  ]
}