{
  "TestType": "Polyomino",
  "Solutions": null,
  "SolutionCount": 2,
  "LogMessages": [],
  "RawSolutions": [
    [0,1,16,66,34],
    [0,1,20,39,72]
  ]
}