{
  "TestType": "Polyomino",
  "Solutions": null,
  "SolutionCount": 1,
  "LogMessages": [],
  "RawSolutions": [
    [0,1,16,66,34]
  ]
}